// Jest Snapshot v1, https://goo.gl/fbAQLP

exports[`renders the UI as expected 1`] = `
<li
  className="card"
>
  <button
    type="button"
  >
    delete
  </button>
  <h3 />
  <p />
</li>
`;
